
> invoicer@0.1.0 build /Users/samishukri/.ao/invoicer-150c3859dd36/worktrees/task-task-106
> next build

sh: next: command not found
 ELIFECYCLE  Command failed.
 WARN   Local package.json exists, but node_modules missing, did you mean to install?
